src/api/SimulationControl.ts(251,68): error TS2554: Expected 3 arguments, but got 4.
src/controls/OriginAwareArcballControls.ts(19,33): error TS2307: Cannot find module 'three/addons/controls/ArcballControls' or its corresponding type declarations.
src/controls/OriginAwareArcballControls.ts(47,10): error TS2339: Property 'setGizmosVisible' does not exist on type 'OriginAwareArcballControls'.
src/controls/OriginAwareArcballControls.ts(87,12): error TS2339: Property 'object' does not exist on type 'OriginAwareArcballControls'.
src/controls/OriginAwareArcballControls.ts(89,12): error TS2339: Property 'object' does not exist on type 'OriginAwareArcballControls'.
src/controls/OriginAwareArcballControls.ts(124,22): error TS2339: Property 'zoom' does not exist on type 'Camera'.
src/controls/OriginAwareArcballControls.ts(124,49): error TS2339: Property 'zoom' does not exist on type 'Camera'.
src/controls/OriginAwareArcballControls.ts(128,22): error TS2551: Property 'updateProjectionMatrix' does not exist on type 'Camera'. Did you mean 'projectionMatrix'?
src/controls/OriginAwareArcballControls.ts(148,14): error TS2339: Property '_gizmos' does not exist on type 'OriginAwareArcballControls'.
src/controls/OriginAwareArcballControls.ts(149,13): error TS6133: '_relPos' is declared but its value is never read.
src/controls/OriginAwareArcballControls.ts(149,28): error TS2339: Property '_gizmos' does not exist on type 'OriginAwareArcballControls'.
src/controls/OriginAwareArcballControls.ts(169,37): error TS2339: Property 'target' does not exist on type 'OriginAwareArcballControls'.
src/controls/OriginAwareArcballControls.ts(173,14): error TS2339: Property '_cameraMatrixState' does not exist on type 'OriginAwareArcballControls'.
src/controls/OriginAwareArcballControls.ts(174,12): error TS2339: Property '_cameraMatrixState' does not exist on type 'OriginAwareArcballControls'.
src/controls/OriginAwareArcballControls.ts(178,14): error TS2339: Property '_gizmoMatrixState' does not exist on type 'OriginAwareArcballControls'.
src/controls/OriginAwareArcballControls.ts(178,40): error TS2339: Property '_gizmos' does not exist on type 'OriginAwareArcballControls'.
src/controls/OriginAwareArcballControls.ts(179,12): error TS2339: Property '_gizmos' does not exist on type 'OriginAwareArcballControls'.
src/controls/OriginAwareArcballControls.ts(179,39): error TS2339: Property 'target' does not exist on type 'OriginAwareArcballControls'.
src/controls/OriginAwareArcballControls.ts(180,12): error TS2339: Property '_gizmos' does not exist on type 'OriginAwareArcballControls'.
src/controls/OriginAwareArcballControls.ts(181,12): error TS2339: Property '_gizmoMatrixState' does not exist on type 'OriginAwareArcballControls'.
src/controls/OriginAwareArcballControls.ts(181,40): error TS2339: Property '_gizmos' does not exist on type 'OriginAwareArcballControls'.
src/controls/OriginAwareArcballControls.ts(188,17): error TS2339: Property 'target' does not exist on type 'OriginAwareArcballControls'.
src/controls/OriginAwareArcballControls.ts(192,10): error TS2339: Property 'target' does not exist on type 'OriginAwareArcballControls'.
src/controls/OriginAwareArcballControls.ts(193,37): error TS2339: Property 'target' does not exist on type 'OriginAwareArcballControls'.
src/controls/OriginAwareArcballControls.ts(196,14): error TS2339: Property '_cameraMatrixState' does not exist on type 'OriginAwareArcballControls'.
src/controls/OriginAwareArcballControls.ts(197,12): error TS2339: Property '_cameraMatrixState' does not exist on type 'OriginAwareArcballControls'.
src/controls/OriginAwareArcballControls.ts(200,14): error TS2339: Property '_gizmoMatrixState' does not exist on type 'OriginAwareArcballControls'.
src/controls/OriginAwareArcballControls.ts(200,40): error TS2339: Property '_gizmos' does not exist on type 'OriginAwareArcballControls'.
src/controls/OriginAwareArcballControls.ts(201,12): error TS2339: Property '_gizmos' does not exist on type 'OriginAwareArcballControls'.
src/controls/OriginAwareArcballControls.ts(201,39): error TS2339: Property 'target' does not exist on type 'OriginAwareArcballControls'.
src/controls/OriginAwareArcballControls.ts(202,12): error TS2339: Property '_gizmos' does not exist on type 'OriginAwareArcballControls'.
src/controls/OriginAwareArcballControls.ts(203,12): error TS2339: Property '_gizmoMatrixState' does not exist on type 'OriginAwareArcballControls'.
src/controls/OriginAwareArcballControls.ts(203,40): error TS2339: Property '_gizmos' does not exist on type 'OriginAwareArcballControls'.
src/controls/OriginAwareArcballControls.ts(221,12): error TS2339: Property 'object' does not exist on type 'OriginAwareArcballControls'.
src/controls/OriginAwareArcballControls.ts(223,12): error TS2339: Property 'setGizmosVisible' does not exist on type 'OriginAwareArcballControls'.
src/controls/OriginAwareArcballControls.ts(233,12): error TS2339: Property 'target' does not exist on type 'OriginAwareArcballControls'.
src/controls/OriginAwareArcballControls.ts(233,29): error TS2339: Property 'target' does not exist on type 'OriginAwareArcballControls'.
src/controls/OriginAwareArcballControls.ts(236,12): error TS2339: Property 'object' does not exist on type 'OriginAwareArcballControls'.
src/controls/OriginAwareArcballControls.ts(239,12): error TS2339: Property 'setGizmosVisible' does not exist on type 'OriginAwareArcballControls'.
src/controls/OriginAwareArcballControls.ts(249,14): error TS2339: Property '_animationId' does not exist on type 'OriginAwareArcballControls'.
src/controls/OriginAwareArcballControls.ts(250,40): error TS2339: Property '_animationId' does not exist on type 'OriginAwareArcballControls'.
src/controls/OriginAwareArcballControls.ts(251,12): error TS2339: Property '_animationId' does not exist on type 'OriginAwareArcballControls'.
src/controls/OriginAwareArcballControls.ts(255,34): error TS2339: Property 'enableDamping' does not exist on type 'OriginAwareArcballControls'.
src/controls/OriginAwareArcballControls.ts(256,10): error TS2339: Property 'enableDamping' does not exist on type 'OriginAwareArcballControls'.
src/controls/OriginAwareArcballControls.ts(258,10): error TS2339: Property '_timeStart' does not exist on type 'OriginAwareArcballControls'.
src/controls/OriginAwareArcballControls.ts(259,10): error TS2339: Property '_angleCurrent' does not exist on type 'OriginAwareArcballControls'.
src/controls/OriginAwareArcballControls.ts(260,10): error TS2339: Property '_w0' does not exist on type 'OriginAwareArcballControls'.
src/controls/OriginAwareArcballControls.ts(263,14): error TS2339: Property 'updateTbState' does not exist on type 'OriginAwareArcballControls'.
src/controls/OriginAwareArcballControls.ts(264,12): error TS2339: Property 'updateTbState' does not exist on type 'OriginAwareArcballControls'.
src/controls/OriginAwareArcballControls.ts(266,12): error TS2339: Property '_state' does not exist on type 'OriginAwareArcballControls'.
src/controls/OriginAwareArcballControls.ts(270,14): error TS2339: Property 'calculateTbRadius' does not exist on type 'OriginAwareArcballControls'.
src/controls/OriginAwareArcballControls.ts(271,12): error TS2339: Property '_tbRadius' does not exist on type 'OriginAwareArcballControls'.
src/controls/OriginAwareArcballControls.ts(271,29): error TS2339: Property 'calculateTbRadius' does not exist on type 'OriginAwareArcballControls'.
src/controls/OriginAwareArcballControls.ts(271,52): error TS2339: Property 'object' does not exist on type 'OriginAwareArcballControls'.
src/controls/OriginAwareArcballControls.ts(273,14): error TS2339: Property 'makeGizmos' does not exist on type 'OriginAwareArcballControls'.
src/controls/OriginAwareArcballControls.ts(273,33): error TS2339: Property '_gizmos' does not exist on type 'OriginAwareArcballControls'.
src/controls/OriginAwareArcballControls.ts(274,12): error TS2339: Property 'makeGizmos' does not exist on type 'OriginAwareArcballControls'.
src/controls/OriginAwareArcballControls.ts(274,28): error TS2339: Property '_gizmos' does not exist on type 'OriginAwareArcballControls'.
src/controls/OriginAwareArcballControls.ts(274,51): error TS2339: Property '_tbRadius' does not exist on type 'OriginAwareArcballControls'.
src/controls/OriginAwareArcballControls.ts(277,14): error TS2339: Property 'activateGizmos' does not exist on type 'OriginAwareArcballControls'.
src/controls/OriginAwareArcballControls.ts(278,12): error TS2339: Property 'activateGizmos' does not exist on type 'OriginAwareArcballControls'.
src/controls/OriginAwareArcballControls.ts(282,10): error TS2339: Property 'enableDamping' does not exist on type 'OriginAwareArcballControls'.
src/core/planets.ts(270,44): error TS7053: Element implicitly has an 'any' type because expression of type 'any' can't be used to index type 'typeof Body'.
src/core/Simulation.ts(106,7): error TS18047: 'loading' is possibly 'null'.
src/core/Simulation.ts(109,7): error TS18047: 'loading' is possibly 'null'.
src/core/Simulation.ts(118,7): error TS2741: Property 'isDirectionalLight' is missing in type 'SpotLight' but required in type 'DirectionalLight'.
src/core/Simulation.ts(120,14): error TS2339: Property 'scene' does not exist on type 'Window & typeof globalThis'.
src/core/Simulation.ts(145,14): error TS2339: Property 'controls' does not exist on type 'Window & typeof globalThis'.
src/core/Simulation.ts(159,50): error TS2345: Argument of type 'Group<Object3DEventMap>' is not assignable to parameter of type 'Scene<Object3DEventMap>'.
  Type 'Group<Object3DEventMap>' is missing the following properties from type 'Scene<Object3DEventMap>': isScene, fog, backgroundBlurriness, backgroundIntensity, and 6 more.
src/core/Simulation.ts(165,7): error TS18047: 'loading' is possibly 'null'.
src/core/Simulation.ts(177,7): error TS18047: 'loading' is possibly 'null'.
src/core/Simulation.ts(186,9): error TS2345: Argument of type '{ value: Group<Object3DEventMap> | null; }' is not assignable to parameter of type '{ value: Points<BufferGeometry<NormalBufferAttributes, BufferGeometryEventMap>, Material | Material[], Object3DEventMap> | null; }'.
  Types of property 'value' are incompatible.
    Type 'Group<Object3DEventMap> | null' is not assignable to type 'Points<BufferGeometry<NormalBufferAttributes, BufferGeometryEventMap>, Material | Material[], Object3DEventMap> | null'.
      Type 'Group<Object3DEventMap>' is missing the following properties from type 'Points<BufferGeometry<NormalBufferAttributes, BufferGeometryEventMap>, Material | Material[], Object3DEventMap>': isPoints, geometry, material, updateMorphTargets
src/core/Simulation.ts(189,9): error TS2663: Cannot find name 'controls'. Did you mean the instance member 'this.controls'?
src/core/Simulation.ts(197,48): error TS2345: Argument of type '{ value: Group<Object3DEventMap> | null; }' is not assignable to parameter of type '{ value: Points<BufferGeometry<NormalBufferAttributes, BufferGeometryEventMap>, Material | Material[], Object3DEventMap> | null; }'.
  Types of property 'value' are incompatible.
    Type 'Group<Object3DEventMap> | null' is not assignable to type 'Points<BufferGeometry<NormalBufferAttributes, BufferGeometryEventMap>, Material | Material[], Object3DEventMap> | null'.
      Type 'Group<Object3DEventMap>' is missing the following properties from type 'Points<BufferGeometry<NormalBufferAttributes, BufferGeometryEventMap>, Material | Material[], Object3DEventMap>': isPoints, geometry, material, updateMorphTargets
src/core/Simulation.ts(198,30): error TS2663: Cannot find name 'controls'. Did you mean the instance member 'this.controls'?
src/core/Simulation.ts(204,26): error TS2345: Argument of type 'Group<Object3DEventMap>' is not assignable to parameter of type 'Scene<Object3DEventMap>'.
  Type 'Group<Object3DEventMap>' is missing the following properties from type 'Scene<Object3DEventMap>': isScene, fog, backgroundBlurriness, backgroundIntensity, and 6 more.
src/core/Simulation.ts(215,14): error TS2551: Property 'updateMissions' does not exist on type 'Window & typeof globalThis'. Did you mean 'Permissions'?
src/core/Simulation.ts(224,14): error TS2339: Property 'SimulationControl' does not exist on type 'Window & typeof globalThis'.
src/core/Simulation.ts(232,9): error TS2663: Cannot find name 'controls'. Did you mean the instance member 'this.controls'?
src/core/Simulation.ts(235,9): error TS2345: Argument of type 'Group<Object3DEventMap> | null' is not assignable to parameter of type 'Group<Object3DEventMap>'.
  Type 'null' is not assignable to type 'Group<Object3DEventMap>'.
src/core/Simulation.ts(244,7): error TS18047: 'loading' is possibly 'null'.
src/core/Simulation.ts(244,7): error TS2322: Type 'number' is not assignable to type 'string'.
src/core/Simulation.ts(245,7): error TS18047: 'loading' is possibly 'null'.
src/core/Simulation.ts(253,23): error TS2345: Argument of type 'Group<Object3DEventMap>' is not assignable to parameter of type 'Scene<Object3DEventMap>'.
  Type 'Group<Object3DEventMap>' is missing the following properties from type 'Scene<Object3DEventMap>': isScene, fog, backgroundBlurriness, backgroundIntensity, and 6 more.
src/core/Simulation.ts(270,7): error TS2531: Object is possibly 'null'.
src/core/Simulation.ts(270,85): error TS18046: 'error' is of type 'unknown'.
src/core/Simulation.ts(271,7): error TS2531: Object is possibly 'null'.
src/core/Simulation.ts(278,5): error TS2531: Object is possibly 'null'.
src/core/Simulation.ts(281,55): error TS2345: Argument of type 'Mesh<BufferGeometry<NormalBufferAttributes, BufferGeometryEventMap>, Material | Material[], Object3DEventMap> | null' is not assignable to parameter of type 'Mesh<BufferGeometry<NormalBufferAttributes, BufferGeometryEventMap>, Material | Material[], Object3DEventMap>'.
  Type 'null' is not assignable to type 'Mesh<BufferGeometry<NormalBufferAttributes, BufferGeometryEventMap>, Material | Material[], Object3DEventMap>'.
src/core/Simulation.ts(284,7): error TS2531: Object is possibly 'null'.
src/core/Simulation.ts(288,45): error TS2345: Argument of type 'Mesh<BufferGeometry<NormalBufferAttributes, BufferGeometryEventMap>, Material | Material[], Object3DEventMap> | null' is not assignable to parameter of type 'Mesh<BufferGeometry<NormalBufferAttributes, BufferGeometryEventMap>, Material | Material[], Object3DEventMap>'.
  Type 'null' is not assignable to type 'Mesh<BufferGeometry<NormalBufferAttributes, BufferGeometryEventMap>, Material | Material[], Object3DEventMap>'.
src/core/Simulation.ts(291,7): error TS2531: Object is possibly 'null'.
src/core/Simulation.ts(320,43): error TS2345: Argument of type 'DirectionalLight | null' is not assignable to parameter of type 'SpotLight | null | undefined'.
  Type 'DirectionalLight' is missing the following properties from type 'SpotLight': isSpotLight, distance, angle, decay, and 3 more.
src/core/Simulation.ts(321,28): error TS2345: Argument of type 'Group<Object3DEventMap> | null' is not assignable to parameter of type 'Group<Object3DEventMap>'.
  Type 'null' is not assignable to type 'Group<Object3DEventMap>'.
src/core/Simulation.ts(322,26): error TS2345: Argument of type 'Group<Object3DEventMap> | null' is not assignable to parameter of type 'Group<Object3DEventMap>'.
  Type 'null' is not assignable to type 'Group<Object3DEventMap>'.
src/core/Simulation.ts(323,29): error TS2345: Argument of type 'Group<Object3DEventMap> | null' is not assignable to parameter of type 'Group<Object3DEventMap>'.
  Type 'null' is not assignable to type 'Group<Object3DEventMap>'.
src/core/Simulation.ts(333,41): error TS2531: Object is possibly 'null'.
src/core/Simulation.ts(334,33): error TS2345: Argument of type 'Scene<Object3DEventMap> | null' is not assignable to parameter of type 'Scene<Object3DEventMap>'.
  Type 'null' is not assignable to type 'Scene<Object3DEventMap>'.
src/core/Simulation.ts(335,28): error TS2345: Argument of type 'Date' is not assignable to parameter of type 'number'.
src/core/Simulation.ts(339,49): error TS2554: Expected 2 arguments, but got 4.
src/core/Simulation.ts(341,5): error TS2531: Object is possibly 'null'.
src/core/Simulation.ts(341,26): error TS2345: Argument of type 'Scene<Object3DEventMap> | null' is not assignable to parameter of type 'Object3D<Object3DEventMap>'.
  Type 'null' is not assignable to type 'Object3D<Object3DEventMap>'.
src/core/Simulation.ts(365,43): error TS2345: Argument of type 'DirectionalLight | null' is not assignable to parameter of type 'SpotLight | null | undefined'.
  Type 'DirectionalLight' is missing the following properties from type 'SpotLight': isSpotLight, distance, angle, decay, and 3 more.
src/core/Simulation.ts(366,28): error TS2345: Argument of type 'Group<Object3DEventMap> | null' is not assignable to parameter of type 'Group<Object3DEventMap>'.
  Type 'null' is not assignable to type 'Group<Object3DEventMap>'.
src/core/Simulation.ts(367,26): error TS2345: Argument of type 'Group<Object3DEventMap> | null' is not assignable to parameter of type 'Group<Object3DEventMap>'.
  Type 'null' is not assignable to type 'Group<Object3DEventMap>'.
src/core/Simulation.ts(368,31): error TS2345: Argument of type 'Scene<Object3DEventMap> | null' is not assignable to parameter of type 'Scene<Object3DEventMap>'.
  Type 'null' is not assignable to type 'Scene<Object3DEventMap>'.
src/core/Simulation.ts(369,49): error TS2554: Expected 2 arguments, but got 4.
src/core/stars.ts(359,28): error TS18048: 'chunk' is possibly 'undefined'.
src/core/stars.ts(360,5): error TS18048: 'chunk' is possibly 'undefined'.
src/core/stars.ts(361,5): error TS18048: 'chunk' is possibly 'undefined'.
src/core/stars.ts(361,27): error TS2339: Property 'dispose' does not exist on type 'Material | Material[]'.
  Property 'dispose' does not exist on type 'Material[]'.
src/core/stars.ts(404,11): error TS7034: Variable 'trees' implicitly has type 'any[]' in some locations where its type cannot be determined.
src/core/stars.ts(408,12): error TS7005: Variable 'trees' implicitly has an 'any[]' type.
src/core/stars.ts(504,21): error TS2339: Property 'opacity' does not exist on type 'Material | Material[]'.
  Property 'opacity' does not exist on type 'Material[]'.
src/core/stars.ts(505,21): error TS2339: Property 'color' does not exist on type 'Material | Material[]'.
  Property 'color' does not exist on type 'Material'.
src/core/stars.ts(510,23): error TS2339: Property 'size' does not exist on type 'Material | Material[]'.
  Property 'size' does not exist on type 'Material'.
src/core/stars.ts(512,23): error TS2339: Property 'size' does not exist on type 'Material | Material[]'.
  Property 'size' does not exist on type 'Material'.
src/core/stars.ts(652,15): error TS7034: Variable 'points' implicitly has type 'any[]' in some locations where its type cannot be determined.
src/core/stars.ts(678,67): error TS7005: Variable 'points' implicitly has an 'any[]' type.
src/core/VirtualOrigin.ts(124,28): error TS2531: Object is possibly 'null'.
src/core/VirtualOrigin.ts(138,26): error TS2531: Object is possibly 'null'.
src/core/VirtualOrigin.ts(141,5): error TS2531: Object is possibly 'null'.
src/core/VirtualOrigin.ts(152,5): error TS2531: Object is possibly 'null'.
src/core/VirtualOrigin.ts(164,12): error TS2531: Object is possibly 'null'.
src/core/VirtualOrigin.ts(164,45): error TS2531: Object is possibly 'null'.
src/core/VirtualOrigin.ts(175,53): error TS2531: Object is possibly 'null'.
src/core/VirtualOrigin.ts(176,5): error TS2531: Object is possibly 'null'.
src/core/VirtualOrigin.ts(179,9): error TS2531: Object is possibly 'null'.
src/core/VirtualOrigin.ts(192,33): error TS2531: Object is possibly 'null'.
src/core/VirtualOrigin.ts(202,33): error TS2531: Object is possibly 'null'.
src/core/VirtualOrigin.ts(227,5): error TS2531: Object is possibly 'null'.
src/core/VirtualOrigin.ts(227,30): error TS2531: Object is possibly 'null'.
src/core/VirtualOrigin.ts(231,32): error TS2531: Object is possibly 'null'.
src/core/VirtualOrigin.ts(235,5): error TS2531: Object is possibly 'null'.
src/core/VirtualOrigin.ts(242,5): error TS7034: Variable 'virtualOriginInstance' implicitly has type 'any' in some locations where its type cannot be determined.
src/core/VirtualOrigin.ts(251,8): error TS7005: Variable 'virtualOriginInstance' implicitly has an 'any' type.
src/features/events.ts(47,14): error TS2339: Property 'uiState' does not exist on type 'Window & typeof globalThis'.
src/features/events.ts(48,12): error TS2339: Property 'uiState' does not exist on type 'Window & typeof globalThis'.
src/features/missions.ts(182,31): error TS2538: Type 'null' cannot be used as an index type.
src/features/missions.ts(220,23): error TS2307: Cannot find module 'three/examples/jsm/lines/Line2' or its corresponding type declarations.
src/features/missions.ts(221,30): error TS2307: Cannot find module 'three/examples/jsm/lines/LineGeometry' or its corresponding type declarations.
src/features/missions.ts(237,14): error TS2339: Property 'dist' does not exist on type '{ date: string; body: string; lat: number; lon: number; offset?: undefined; dist?: undefined; label?: undefined; } | { date: string; body: string; offset: { x: number; y: number; z: number; }; lat?: undefined; lon?: undefined; dist?: undefined; label?: undefined; } | ... 18 more ... | { ...; }'.
  Property 'dist' does not exist on type '{ date: string; body: string; lat: number; lon: number; offset?: undefined; customBody?: undefined; label?: undefined; }'.
src/features/missions.ts(237,38): error TS2339: Property 'customBody' does not exist on type '{ date: string; body: string; lat: number; lon: number; offset?: undefined; dist?: undefined; label?: undefined; } | { date: string; body: string; offset: { x: number; y: number; z: number; }; lat?: undefined; lon?: undefined; dist?: undefined; label?: undefined; } | ... 18 more ... | { ...; }'.
  Property 'customBody' does not exist on type '{ date: string; body: string; lat: number; lon: number; offset?: undefined; dist?: undefined; label?: undefined; }'.
src/features/missions.ts(237,56): error TS2339: Property 'pos' does not exist on type '{ date: string; body: string; lat: number; lon: number; offset?: undefined; dist?: undefined; label?: undefined; } | { date: string; body: string; offset: { x: number; y: number; z: number; }; lat?: undefined; lon?: undefined; dist?: undefined; label?: undefined; } | ... 18 more ... | { ...; }'.
  Property 'pos' does not exist on type '{ date: string; body: string; lat: number; lon: number; offset?: undefined; dist?: undefined; label?: undefined; }'.
src/features/missions.ts(239,34): error TS2339: Property 'customBody' does not exist on type '{ date: string; body: string; lat: number; lon: number; offset?: undefined; dist?: undefined; label?: undefined; } | { date: string; body: string; offset: { x: number; y: number; z: number; }; lat?: undefined; lon?: undefined; dist?: undefined; label?: undefined; } | ... 18 more ... | { ...; }'.
  Property 'customBody' does not exist on type '{ date: string; body: string; lat: number; lon: number; offset?: undefined; dist?: undefined; label?: undefined; }'.
src/features/missions.ts(239,52): error TS2339: Property 'pos' does not exist on type '{ date: string; body: string; lat: number; lon: number; offset?: undefined; dist?: undefined; label?: undefined; } | { date: string; body: string; offset: { x: number; y: number; z: number; }; lat?: undefined; lon?: undefined; dist?: undefined; label?: undefined; } | ... 18 more ... | { ...; }'.
  Property 'pos' does not exist on type '{ date: string; body: string; lat: number; lon: number; offset?: undefined; dist?: undefined; label?: undefined; }'.
src/features/missions.ts(239,63): error TS2339: Property 'dist' does not exist on type '{ date: string; body: string; lat: number; lon: number; offset?: undefined; dist?: undefined; label?: undefined; } | { date: string; body: string; offset: { x: number; y: number; z: number; }; lat?: undefined; lon?: undefined; dist?: undefined; label?: undefined; } | ... 18 more ... | { ...; }'.
  Property 'dist' does not exist on type '{ date: string; body: string; lat: number; lon: number; offset?: undefined; customBody?: undefined; label?: undefined; }'.
src/features/missions.ts(247,18): error TS2339: Property 'dist' does not exist on type '{ date: string; body: string; lat: number; lon: number; offset?: undefined; dist?: undefined; label?: undefined; } | { date: string; body: string; offset: { x: number; y: number; z: number; }; lat?: undefined; lon?: undefined; dist?: undefined; label?: undefined; } | ... 18 more ... | { ...; }'.
  Property 'dist' does not exist on type '{ date: string; body: string; lat: number; lon: number; offset?: undefined; customBody?: undefined; label?: undefined; }'.
src/features/missions.ts(268,51): error TS2339: Property 'exit' does not exist on type 'never'.
src/features/missions.ts(268,68): error TS2339: Property 'exit' does not exist on type 'never'.
src/features/missions.ts(325,11): error TS7034: Variable 'positions' implicitly has type 'any[]' in some locations where its type cannot be determined.
src/features/missions.ts(331,27): error TS7005: Variable 'positions' implicitly has an 'any[]' type.
src/features/missions.ts(352,20): error TS7053: Element implicitly has an 'any' type because expression of type 'string' can't be used to index type '{ voyager1: boolean; voyager2: boolean; pioneer10: boolean; pioneer11: boolean; galileo: boolean; cassini: boolean; newHorizons: boolean; parkerSolarProbe: boolean; juno: boolean; rosetta: boolean; ulysses: boolean; }'.
  No index signature with a parameter of type 'string' was found on type '{ voyager1: boolean; voyager2: boolean; pioneer10: boolean; pioneer11: boolean; galileo: boolean; cassini: boolean; newHorizons: boolean; parkerSolarProbe: boolean; juno: boolean; rosetta: boolean; ulysses: boolean; }'.
src/features/missions.ts(368,5): error TS7053: Element implicitly has an 'any' type because expression of type 'string' can't be used to index type '{}'.
  No index signature with a parameter of type 'string' was found on type '{}'.
src/features/missions.ts(379,9): error TS7053: Element implicitly has an 'any' type because expression of type 'string' can't be used to index type '{}'.
  No index signature with a parameter of type 'string' was found on type '{}'.
src/features/missions.ts(380,7): error TS7053: Element implicitly has an 'any' type because expression of type 'string' can't be used to index type '{}'.
  No index signature with a parameter of type 'string' was found on type '{}'.
src/features/missions.ts(380,34): error TS7053: Element implicitly has an 'any' type because expression of type 'string' can't be used to index type '{ voyager1: boolean; voyager2: boolean; pioneer10: boolean; pioneer11: boolean; galileo: boolean; cassini: boolean; newHorizons: boolean; parkerSolarProbe: boolean; juno: boolean; rosetta: boolean; ulysses: boolean; }'.
  No index signature with a parameter of type 'string' was found on type '{ voyager1: boolean; voyager2: boolean; pioneer10: boolean; pioneer11: boolean; galileo: boolean; cassini: boolean; newHorizons: boolean; parkerSolarProbe: boolean; juno: boolean; rosetta: boolean; ulysses: boolean; }'.
src/features/missions.ts(385,5): error TS7034: Variable 'lastCoordinateSystem' implicitly has type 'any' in some locations where its type cannot be determined.
src/features/missions.ts(397,7): error TS7005: Variable 'lastCoordinateSystem' implicitly has an 'any' type.
src/features/missions.ts(404,18): error TS7053: Element implicitly has an 'any' type because expression of type 'string' can't be used to index type '{}'.
  No index signature with a parameter of type 'string' was found on type '{}'.
src/features/missions.ts(416,14): error TS2339: Property 'dist' does not exist on type '{ date: string; body: string; lat: number; lon: number; offset?: undefined; dist?: undefined; label?: undefined; } | { date: string; body: string; offset: { x: number; y: number; z: number; }; lat?: undefined; lon?: undefined; dist?: undefined; label?: undefined; } | ... 18 more ... | { ...; }'.
  Property 'dist' does not exist on type '{ date: string; body: string; lat: number; lon: number; offset?: undefined; customBody?: undefined; label?: undefined; }'.
src/features/missions.ts(416,54): error TS2339: Property 'customBody' does not exist on type '{ date: string; body: string; lat: number; lon: number; offset?: undefined; dist?: undefined; label?: undefined; } | { date: string; body: string; offset: { x: number; y: number; z: number; }; lat?: undefined; lon?: undefined; dist?: undefined; label?: undefined; } | ... 18 more ... | { ...; }'.
  Property 'customBody' does not exist on type '{ date: string; body: string; lat: number; lon: number; offset?: undefined; dist?: undefined; label?: undefined; }'.
src/features/missions.ts(416,72): error TS2339: Property 'pos' does not exist on type '{ date: string; body: string; lat: number; lon: number; offset?: undefined; dist?: undefined; label?: undefined; } | { date: string; body: string; offset: { x: number; y: number; z: number; }; lat?: undefined; lon?: undefined; dist?: undefined; label?: undefined; } | ... 18 more ... | { ...; }'.
  Property 'pos' does not exist on type '{ date: string; body: string; lat: number; lon: number; offset?: undefined; dist?: undefined; label?: undefined; }'.
src/features/missions.ts(418,41): error TS2339: Property 'dist' does not exist on type '{ date: string; body: string; lat: number; lon: number; offset?: undefined; dist?: undefined; label?: undefined; } | { date: string; body: string; offset: { x: number; y: number; z: number; }; lat?: undefined; lon?: undefined; dist?: undefined; label?: undefined; } | ... 18 more ... | { ...; }'.
  Property 'dist' does not exist on type '{ date: string; body: string; lat: number; lon: number; offset?: undefined; customBody?: undefined; label?: undefined; }'.
src/features/missions.ts(420,16): error TS2339: Property 'offset' does not exist on type '{ date: string; body: string; lat: number; lon: number; offset?: undefined; dist?: undefined; label?: undefined; } | { date: string; body: string; offset: { x: number; y: number; z: number; }; lat?: undefined; lon?: undefined; dist?: undefined; label?: undefined; } | ... 18 more ... | { ...; }'.
  Property 'offset' does not exist on type '{ date: string; body: string; lat: number; lon: number; label?: undefined; pos?: undefined; }'.
src/features/missions.ts(422,50): error TS2339: Property 'offset' does not exist on type '{ date: string; body: string; lat: number; lon: number; offset?: undefined; dist?: undefined; label?: undefined; } | { date: string; body: string; offset: { x: number; y: number; z: number; }; lat?: undefined; lon?: undefined; dist?: undefined; label?: undefined; } | ... 18 more ... | { ...; }'.
  Property 'offset' does not exist on type '{ date: string; body: string; lat: number; lon: number; label?: undefined; pos?: undefined; }'.
src/features/missions.ts(422,68): error TS2339: Property 'offset' does not exist on type '{ date: string; body: string; lat: number; lon: number; offset?: undefined; dist?: undefined; label?: undefined; } | { date: string; body: string; offset: { x: number; y: number; z: number; }; lat?: undefined; lon?: undefined; dist?: undefined; label?: undefined; } | ... 18 more ... | { ...; }'.
  Property 'offset' does not exist on type '{ date: string; body: string; lat: number; lon: number; label?: undefined; pos?: undefined; }'.
src/features/missions.ts(422,86): error TS2339: Property 'offset' does not exist on type '{ date: string; body: string; lat: number; lon: number; offset?: undefined; dist?: undefined; label?: undefined; } | { date: string; body: string; offset: { x: number; y: number; z: number; }; lat?: undefined; lon?: undefined; dist?: undefined; label?: undefined; } | ... 18 more ... | { ...; }'.
  Property 'offset' does not exist on type '{ date: string; body: string; lat: number; lon: number; label?: undefined; pos?: undefined; }'.
src/features/missions.ts(446,18): error TS2339: Property 'type' does not exist on type '{ date: string; body: string; lat: number; lon: number; offset?: undefined; dist?: undefined; label?: undefined; } | { date: string; body: string; offset: { x: number; y: number; z: number; }; lat?: undefined; lon?: undefined; dist?: undefined; label?: undefined; } | ... 18 more ... | { ...; }'.
  Property 'type' does not exist on type '{ date: string; body: string; lat: number; lon: number; offset?: undefined; dist?: undefined; label?: undefined; }'.
src/features/missions.ts(447,18): error TS2339: Property 'dist' does not exist on type '{ date: string; body: string; lat: number; lon: number; offset?: undefined; dist?: undefined; label?: undefined; } | { date: string; body: string; offset: { x: number; y: number; z: number; }; lat?: undefined; lon?: undefined; dist?: undefined; label?: undefined; } | ... 18 more ... | { ...; }'.
  Property 'dist' does not exist on type '{ date: string; body: string; lat: number; lon: number; offset?: undefined; customBody?: undefined; label?: undefined; }'.
src/features/missions.ts(501,11): error TS7034: Variable 'positions' implicitly has type 'any[]' in some locations where its type cannot be determined.
src/features/missions.ts(507,27): error TS7005: Variable 'positions' implicitly has an 'any[]' type.
src/features/missions.ts(560,26): error TS2571: Object is of type 'unknown'.
src/features/missions.ts(578,14): error TS18046: 'line' is of type 'unknown'.
src/features/missions.ts(580,15): error TS7034: Variable 'positions' implicitly has type 'any[]' in some locations where its type cannot be determined.
src/features/missions.ts(581,32): error TS18046: 'line' is of type 'unknown'.
src/features/missions.ts(583,33): error TS7006: Parameter 'p' implicitly has an 'any' type.
src/features/missions.ts(592,9): error TS18046: 'line' is of type 'unknown'.
src/features/missions.ts(592,36): error TS7005: Variable 'positions' implicitly has an 'any[]' type.
src/features/missions.ts(593,9): error TS18046: 'line' is of type 'unknown'.
src/features/missions.ts(596,13): error TS18046: 'line' is of type 'unknown'.
src/features/missions.ts(597,11): error TS18046: 'line' is of type 'unknown'.
src/features/missions.ts(605,11): error TS18046: 'line' is of type 'unknown'.
src/features/missions.ts(606,9): error TS18046: 'line' is of type 'unknown'.
src/features/missions.ts(609,12): error TS18046: 'line' is of type 'unknown'.
src/features/missions.ts(611,25): error TS18046: 'line' is of type 'unknown'.
src/features/missions.ts(612,24): error TS18046: 'line' is of type 'unknown'.
src/features/missions.ts(614,12): error TS18046: 'line' is of type 'unknown'.
src/features/missions.ts(617,21): error TS18046: 'line' is of type 'unknown'.
src/features/missions.ts(622,9): error TS18046: 'line' is of type 'unknown'.
src/features/missions.ts(625,13): error TS18046: 'line' is of type 'unknown'.
src/features/missions.ts(626,11): error TS18046: 'line' is of type 'unknown'.
src/features/missions.ts(642,13): error TS18046: 'line' is of type 'unknown'.
src/features/missions.ts(643,11): error TS18046: 'line' is of type 'unknown'.
src/features/missions.ts(649,17): error TS2339: Property '_suppressMissionErrors' does not exist on type 'Window & typeof globalThis'.
src/features/missions.ts(651,14): error TS2339: Property '_suppressMissionErrors' does not exist on type 'Window & typeof globalThis'.
src/features/missions.ts(670,31): error TS7053: Element implicitly has an 'any' type because expression of type 'any' can't be used to index type '{ '67P': { a: number; e: number; i: number; Omega: number; w: number; M: number; }; Ulysses: { a: number; e: number; i: number; Omega: number; w: number; M: number; }; Arrokoth: { a: number; e: number; i: number; Omega: number; w: number; M: number; }; Gaspra: { ...; }; Ida: { ...; }; Steins: { ...; }; Lutetia: { .....'.
src/features/missions.ts(671,42): error TS7053: Element implicitly has an 'any' type because expression of type 'any' can't be used to index type '{ '67P': { a: number; e: number; i: number; Omega: number; w: number; M: number; }; Ulysses: { a: number; e: number; i: number; Omega: number; w: number; M: number; }; Arrokoth: { a: number; e: number; i: number; Omega: number; w: number; M: number; }; Gaspra: { ...; }; Ida: { ...; }; Steins: { ...; }; Lutetia: { .....'.
src/features/missions.ts(751,11): error TS6133: '_offsetVec' is declared but its value is never read.
src/features/missions.ts(801,16): error TS7053: Element implicitly has an 'any' type because expression of type 'string' can't be used to index type '{}'.
  No index signature with a parameter of type 'string' was found on type '{}'.
src/features/missions.ts(861,28): error TS7006: Parameter 'wpIndex' implicitly has an 'any' type.
src/features/missions.ts(865,12): error TS2339: Property 'dist' does not exist on type '{ date: string; body: string; lat: number; lon: number; offset?: undefined; dist?: undefined; label?: undefined; } | { date: string; body: string; offset: { x: number; y: number; z: number; }; lat?: undefined; lon?: undefined; dist?: undefined; label?: undefined; } | ... 18 more ... | { ...; }'.
  Property 'dist' does not exist on type '{ date: string; body: string; lat: number; lon: number; offset?: undefined; customBody?: undefined; label?: undefined; }'.
src/features/missions.ts(867,39): error TS2339: Property 'dist' does not exist on type '{ date: string; body: string; lat: number; lon: number; offset?: undefined; dist?: undefined; label?: undefined; } | { date: string; body: string; offset: { x: number; y: number; z: number; }; lat?: undefined; lon?: undefined; dist?: undefined; label?: undefined; } | ... 18 more ... | { ...; }'.
  Property 'dist' does not exist on type '{ date: string; body: string; lat: number; lon: number; offset?: undefined; customBody?: undefined; label?: undefined; }'.
src/features/missions.ts(868,14): error TS2339: Property 'offset' does not exist on type '{ date: string; body: string; lat: number; lon: number; offset?: undefined; dist?: undefined; label?: undefined; } | { date: string; body: string; offset: { x: number; y: number; z: number; }; lat?: undefined; lon?: undefined; dist?: undefined; label?: undefined; } | ... 18 more ... | { ...; }'.
  Property 'offset' does not exist on type '{ date: string; body: string; lat: number; lon: number; label?: undefined; pos?: undefined; }'.
src/features/missions.ts(870,48): error TS2339: Property 'offset' does not exist on type '{ date: string; body: string; lat: number; lon: number; offset?: undefined; dist?: undefined; label?: undefined; } | { date: string; body: string; offset: { x: number; y: number; z: number; }; lat?: undefined; lon?: undefined; dist?: undefined; label?: undefined; } | ... 18 more ... | { ...; }'.
  Property 'offset' does not exist on type '{ date: string; body: string; lat: number; lon: number; label?: undefined; pos?: undefined; }'.
src/features/missions.ts(870,66): error TS2339: Property 'offset' does not exist on type '{ date: string; body: string; lat: number; lon: number; offset?: undefined; dist?: undefined; label?: undefined; } | { date: string; body: string; offset: { x: number; y: number; z: number; }; lat?: undefined; lon?: undefined; dist?: undefined; label?: undefined; } | ... 18 more ... | { ...; }'.
  Property 'offset' does not exist on type '{ date: string; body: string; lat: number; lon: number; label?: undefined; pos?: undefined; }'.
src/features/missions.ts(870,84): error TS2339: Property 'offset' does not exist on type '{ date: string; body: string; lat: number; lon: number; offset?: undefined; dist?: undefined; label?: undefined; } | { date: string; body: string; offset: { x: number; y: number; z: number; }; lat?: undefined; lon?: undefined; dist?: undefined; label?: undefined; } | ... 18 more ... | { ...; }'.
  Property 'offset' does not exist on type '{ date: string; body: string; lat: number; lon: number; label?: undefined; pos?: undefined; }'.
src/features/missions.ts(904,5): error TS7034: Variable 'missionProbeScene' implicitly has type 'any' in some locations where its type cannot be determined.
src/features/missions.ts(910,38): error TS7006: Parameter 'scene' implicitly has an 'any' type.
src/features/missions.ts(920,33): error TS7006: Parameter 'missionId' implicitly has an 'any' type.
src/features/missions.ts(920,44): error TS7006: Parameter 'modelPath' implicitly has an 'any' type.
src/features/missions.ts(921,8): error TS7005: Variable 'missionProbeScene' implicitly has an 'any' type.
src/features/missions.ts(921,29): error TS7053: Element implicitly has an 'any' type because expression of type 'any' can't be used to index type '{}'.
src/features/missions.ts(941,21): error TS7006: Parameter 'node' implicitly has an 'any' type.
src/features/missions.ts(944,34): error TS7006: Parameter 'm' implicitly has an 'any' type.
src/features/missions.ts(956,5): error TS7053: Element implicitly has an 'any' type because expression of type 'any' can't be used to index type '{}'.
src/features/missions.ts(982,18): error TS2339: Property 'isMesh' does not exist on type 'Object3D<Object3DEventMap>'.
src/features/missions.ts(982,33): error TS2339: Property 'material' does not exist on type 'Object3D<Object3DEventMap>'.
src/features/missions.ts(983,34): error TS2339: Property 'material' does not exist on type 'Object3D<Object3DEventMap>'.
src/features/missions.ts(984,18): error TS2339: Property 'material' does not exist on type 'Object3D<Object3DEventMap>'.
src/features/missions.ts(984,36): error TS7006: Parameter 'm' implicitly has an 'any' type.
src/features/missions.ts(989,18): error TS2339: Property 'material' does not exist on type 'Object3D<Object3DEventMap>'.
src/features/missions.ts(989,43): error TS2339: Property 'material' does not exist on type 'Object3D<Object3DEventMap>'.
src/features/missions.ts(990,18): error TS2339: Property 'material' does not exist on type 'Object3D<Object3DEventMap>'.
src/features/missions.ts(995,7): error TS7005: Variable 'missionProbeScene' implicitly has an 'any' type.
src/features/missions.ts(996,7): error TS7053: Element implicitly has an 'any' type because expression of type 'any' can't be used to index type '{}'.
src/features/missions.ts(1010,37): error TS7006: Parameter 'currentDate' implicitly has an 'any' type.
src/features/missions.ts(1011,8): error TS7005: Variable 'missionProbeScene' implicitly has an 'any' type.
src/features/missions.ts(1016,19): error TS7053: Element implicitly has an 'any' type because expression of type 'string' can't be used to index type '{}'.
  No index signature with a parameter of type 'string' was found on type '{}'.
src/features/missions.ts(1020,10): error TS7053: Element implicitly has an 'any' type because expression of type 'string' can't be used to index type '{ voyager1: boolean; voyager2: boolean; pioneer10: boolean; pioneer11: boolean; galileo: boolean; cassini: boolean; newHorizons: boolean; parkerSolarProbe: boolean; juno: boolean; rosetta: boolean; ulysses: boolean; }'.
  No index signature with a parameter of type 'string' was found on type '{ voyager1: boolean; voyager2: boolean; pioneer10: boolean; pioneer11: boolean; galileo: boolean; cassini: boolean; newHorizons: boolean; parkerSolarProbe: boolean; juno: boolean; rosetta: boolean; ulysses: boolean; }'.
src/features/missions.ts(1037,20): error TS7053: Element implicitly has an 'any' type because expression of type 'string' can't be used to index type '{}'.
  No index signature with a parameter of type 'string' was found on type '{}'.
src/features/missions.ts(1065,9): error TS7053: Element implicitly has an 'any' type because expression of type 'string' can't be used to index type '{ voyager1: boolean; voyager2: boolean; pioneer10: boolean; pioneer11: boolean; galileo: boolean; cassini: boolean; newHorizons: boolean; parkerSolarProbe: boolean; juno: boolean; rosetta: boolean; ulysses: boolean; }'.
  No index signature with a parameter of type 'string' was found on type '{ voyager1: boolean; voyager2: boolean; pioneer10: boolean; pioneer11: boolean; galileo: boolean; cassini: boolean; newHorizons: boolean; parkerSolarProbe: boolean; juno: boolean; rosetta: boolean; ulysses: boolean; }'.
src/features/missions.ts(1065,45): error TS7053: Element implicitly has an 'any' type because expression of type 'string' can't be used to index type '{}'.
  No index signature with a parameter of type 'string' was found on type '{}'.
src/features/missions.ts(1076,34): error TS7006: Parameter 'missionId' implicitly has an 'any' type.
src/features/missions.ts(1077,17): error TS7053: Element implicitly has an 'any' type because expression of type 'any' can't be used to index type '{}'.
src/features/missions.ts(1098,41): error TS7006: Parameter 'missionId' implicitly has an 'any' type.
src/features/missions.ts(1100,7): error TS7053: Element implicitly has an 'any' type because expression of type 'any' can't be used to index type '{}'.
src/features/missions.ts(1106,3): error TS7053: Element implicitly has an 'any' type because expression of type 'any' can't be used to index type '{ voyager1: boolean; voyager2: boolean; pioneer10: boolean; pioneer11: boolean; galileo: boolean; cassini: boolean; newHorizons: boolean; parkerSolarProbe: boolean; juno: boolean; rosetta: boolean; ulysses: boolean; }'.
src/features/missions.ts(1107,14): error TS2551: Property 'updateMissions' does not exist on type 'Window & typeof globalThis'. Did you mean 'Permissions'?
src/features/missions.ts(1107,37): error TS2551: Property 'updateMissions' does not exist on type 'Window & typeof globalThis'. Did you mean 'Permissions'?
src/features/missions.ts(1114,11): error TS7053: Element implicitly has an 'any' type because expression of type 'any' can't be used to index type '{}'.
src/features/missions.ts(1119,12): error TS7053: Element implicitly has an 'any' type because expression of type 'any' can't be used to index type '{}'.
src/managers/TextureManager.ts(64,5): error TS7006: Parameter 'originalPath' implicitly has an 'any' type.
src/managers/TextureManager.ts(65,5): error TS7006: Parameter 'material' implicitly has an 'any' type.
src/managers/TextureManager.ts(66,5): error TS7006: Parameter 'bodyName' implicitly has an 'any' type.
src/managers/TextureManager.ts(107,15): error TS7006: Parameter 'bodyName' implicitly has an 'any' type.
src/managers/TextureManager.ts(117,14): error TS7006: Parameter 'originalPath' implicitly has an 'any' type.
src/managers/TextureManager.ts(117,28): error TS7006: Parameter 'material' implicitly has an 'any' type.
src/managers/TextureManager.ts(117,38): error TS7006: Parameter 'stage' implicitly has an 'any' type.
src/managers/TextureManager.ts(117,45): error TS7006: Parameter 'priority' implicitly has an 'any' type.
src/managers/TextureManager.ts(152,77): error TS2345: Argument of type '"webp"' is not assignable to parameter of type 'null | undefined'.
src/managers/TextureManager.ts(156,77): error TS2345: Argument of type '"webp"' is not assignable to parameter of type 'null | undefined'.
src/managers/TextureManager.ts(160,78): error TS2345: Argument of type '"webp"' is not assignable to parameter of type 'null | undefined'.
src/managers/TextureManager.ts(173,18): error TS7006: Parameter 'paths' implicitly has an 'any' type.
src/managers/TextureManager.ts(173,25): error TS7006: Parameter 'item' implicitly has an 'any' type.
src/managers/TextureManager.ts(177,34): error TS7006: Parameter 'p' implicitly has an 'any' type.
src/managers/TextureManager.ts(183,16): error TS2531: Object is possibly 'null'.
src/managers/TextureManager.ts(247,19): error TS7006: Parameter 'path' implicitly has an 'any' type.
src/managers/TextureManager.ts(247,25): error TS7006: Parameter 'subfolderName' implicitly has an 'any' type.
src/materials/MaterialFactory.ts(32,40): error TS7006: Parameter 'material' implicitly has an 'any' type.
src/materials/MaterialFactory.ts(46,38): error TS7006: Parameter 'params' implicitly has an 'any' type.
src/materials/MaterialFactory.ts(60,36): error TS7006: Parameter 'params' implicitly has an 'any' type.
src/materials/MaterialFactory.ts(74,37): error TS7006: Parameter 'params' implicitly has an 'any' type.
src/materials/MaterialFactory.ts(87,36): error TS7006: Parameter 'params' implicitly has an 'any' type.
src/materials/MaterialFactory.ts(101,38): error TS7006: Parameter 'params' implicitly has an 'any' type.
src/materials/MaterialFactory.ts(115,37): error TS7006: Parameter 'shaderUniforms' implicitly has an 'any' type.
src/materials/MissionLineMaterial.ts(2,30): error TS2307: Cannot find module 'three/examples/jsm/lines/LineMaterial' or its corresponding type declarations.
src/materials/MissionLineMaterial.ts(10,43): error TS7006: Parameter 'params' implicitly has an 'any' type.
src/materials/MissionLineMaterial.ts(36,31): error TS7006: Parameter 'shader' implicitly has an 'any' type.
src/materials/OrbitMaterial.ts(182,5): error TS6133: '_glowIntensity' is declared but its value is never read.
src/materials/OrbitMaterial.ts(183,5): error TS6133: '_mode' is declared but its value is never read.
src/materials/SunMaterial.ts(14,35): error TS7006: Parameter 'customUniforms' implicitly has an 'any' type.
src/systems/magneticFields.ts(194,9): error TS18047: 'ctx' is possibly 'null'.
src/systems/magneticFields.ts(195,25): error TS18047: 'ctx' is possibly 'null'.
src/systems/moons.ts(143,39): error TS7053: Element implicitly has an 'any' type because expression of type 'any' can't be used to index type 'typeof Body'.
src/systems/moons.ts(396,46): error TS7053: Element implicitly has an 'any' type because expression of type 'any' can't be used to index type 'typeof Body'.
src/systems/moons.ts(439,25): error TS7006: Parameter 'm' implicitly has an 'any' type.
src/systems/moons.ts(461,46): error TS7053: Element implicitly has an 'any' type because expression of type 'any' can't be used to index type 'typeof Body'.
src/systems/music.ts(43,9): error TS2322: Type 'any[]' is not assignable to type 'never[]'.
  Type 'any' is not assignable to type 'never'.
src/systems/music.ts(82,5): error TS2322: Type 'string[]' is not assignable to type 'never[]'.
  Type 'string' is not assignable to type 'never'.
src/systems/music.ts(118,85): error TS2345: Argument of type 'any' is not assignable to parameter of type 'never'.
src/systems/rabbit.ts(17,7): error TS7034: Variable 'spaceshipSprite' implicitly has type 'any' in some locations where its type cannot be determined.
src/systems/rabbit.ts(84,9): error TS7005: Variable 'spaceshipSprite' implicitly has an 'any' type.
src/systems/rabbit.ts(97,29): error TS7005: Variable 'spaceshipSprite' implicitly has an 'any' type.
src/systems/relativeOrbits.ts(35,7): error TS6133: '_splineCache' is declared but its value is never read.
src/systems/relativeOrbits.ts(42,39): error TS7053: Element implicitly has an 'any' type because expression of type 'any' can't be used to index type 'typeof Body'.
src/systems/relativeOrbits.ts(156,28): error TS2339: Property 'uniforms' does not exist on type 'Material | Material[]'.
  Property 'uniforms' does not exist on type 'Material'.
src/systems/relativeOrbits.ts(157,19): error TS2339: Property 'uniforms' does not exist on type 'Material | Material[]'.
  Property 'uniforms' does not exist on type 'Material'.
src/systems/relativeOrbits.ts(158,19): error TS2339: Property 'uniforms' does not exist on type 'Material | Material[]'.
  Property 'uniforms' does not exist on type 'Material'.
src/systems/relativeOrbits.ts(159,19): error TS2339: Property 'uniforms' does not exist on type 'Material | Material[]'.
  Property 'uniforms' does not exist on type 'Material'.
src/systems/relativeOrbits.ts(278,22): error TS2339: Property 'geometry' does not exist on type 'Object3D<Object3DEventMap>'.
src/systems/relativeOrbits.ts(282,14): error TS2339: Property 'geometry' does not exist on type 'Object3D<Object3DEventMap>'.
src/systems/relativeOrbits.ts(283,18): error TS2339: Property 'material' does not exist on type 'Object3D<Object3DEventMap>'.
src/systems/relativeOrbits.ts(283,41): error TS2339: Property 'material' does not exist on type 'Object3D<Object3DEventMap>'.
src/systems/relativeOrbits.ts(306,33): error TS2345: Argument of type 'Object3D<Object3DEventMap> | undefined' is not assignable to parameter of type 'Line<BufferGeometry<NormalBufferAttributes, BufferGeometryEventMap>, Material | Material[], Object3DEventMap> | null'.
  Type 'undefined' is not assignable to type 'Line<BufferGeometry<NormalBufferAttributes, BufferGeometryEventMap>, Material | Material[], Object3DEventMap> | null'.
src/systems/relativeOrbits.ts(309,5): error TS18048: 'line' is possibly 'undefined'.
src/systems/relativeOrbits.ts(310,5): error TS18048: 'line' is possibly 'undefined'.
src/systems/relativeOrbits.ts(310,10): error TS2339: Property 'geometry' does not exist on type 'Object3D<Object3DEventMap>'.
src/systems/relativeOrbits.ts(330,25): error TS18048: 'line' is possibly 'undefined'.
src/systems/relativeOrbits.ts(330,30): error TS2339: Property 'geometry' does not exist on type 'Object3D<Object3DEventMap>'.
src/systems/relativeOrbits.ts(338,7): error TS18048: 'line' is possibly 'undefined'.
src/systems/relativeOrbits.ts(338,12): error TS2339: Property 'geometry' does not exist on type 'Object3D<Object3DEventMap>'.
src/systems/relativeOrbits.ts(343,33): error TS2345: Argument of type 'Object3D<Object3DEventMap> | undefined' is not assignable to parameter of type 'Line<BufferGeometry<NormalBufferAttributes, BufferGeometryEventMap>, Material | Material[], Object3DEventMap>'.
  Type 'undefined' is not assignable to type 'Line<BufferGeometry<NormalBufferAttributes, BufferGeometryEventMap>, Material | Material[], Object3DEventMap>'.
src/systems/tooltips.ts(101,7): error TS18047: 'event.target' is possibly 'null'.
src/systems/tooltips.ts(101,20): error TS2339: Property 'closest' does not exist on type 'EventTarget'.
src/systems/tooltips.ts(102,8): error TS18047: 'event.target' is possibly 'null'.
src/systems/tooltips.ts(102,21): error TS2339: Property 'closest' does not exist on type 'EventTarget'.
src/systems/tooltips.ts(105,9): error TS18047: 'tooltip' is possibly 'null'.
src/systems/tooltips.ts(113,7): error TS18047: 'tooltip' is possibly 'null'.
src/systems/tooltips.ts(185,28): error TS7006: Parameter 'octree' implicitly has an 'any' type.
src/systems/tooltips.ts(191,38): error TS7006: Parameter 'd' implicitly has an 'any' type.
src/systems/tooltips.ts(191,41): error TS7006: Parameter 'i' implicitly has an 'any' type.
src/systems/tooltips.ts(244,21): error TS2339: Property 'isLine' does not exist on type 'Object3D<Object3DEventMap>'.
src/systems/tooltips.ts(246,34): error TS2339: Property 'geometry' does not exist on type 'Object3D<Object3DEventMap>'.
src/systems/tooltips.ts(292,9): error TS18047: 'tooltip' is possibly 'null'.
src/systems/tooltips.ts(293,9): error TS18047: 'tooltip' is possibly 'null'.
src/systems/tooltips.ts(297,30): error TS18047: 'tooltip' is possibly 'null'.
src/systems/tooltips.ts(298,31): error TS18047: 'tooltip' is possibly 'null'.
src/systems/tooltips.ts(318,9): error TS18047: 'tooltip' is possibly 'null'.
src/systems/tooltips.ts(319,9): error TS18047: 'tooltip' is possibly 'null'.
src/systems/tooltips.ts(321,9): error TS18047: 'tooltip' is possibly 'null'.
src/systems/tooltips.ts(348,7): error TS18047: 'tooltip' is possibly 'null'.
src/systems/tooltips.ts(436,22): error TS7053: Element implicitly has an 'any' type because expression of type 'any' can't be used to index type 'typeof Body'.
src/systems/tooltips.ts(452,18): error TS7053: Element implicitly has an 'any' type because expression of type 'any' can't be used to index type 'typeof Body'.
src/systems/tooltips.ts(749,21): error TS7053: Element implicitly has an 'any' type because expression of type 'any' can't be used to index type '{ And: string; Ant: string; Aps: string; Aqr: string; Aql: string; Ara: string; Ari: string; Aur: string; Boo: string; Cael: string; Cam: string; Cnc: string; CVn: string; CMa: string; CMi: string; Cap: string; ... 71 more ...; Vul: string; }'.
src/systems/tooltips.ts(803,20): error TS7053: Element implicitly has an 'any' type because expression of type 'any' can't be used to index type '{ And: string; Ant: string; Aps: string; Aqr: string; Aql: string; Ara: string; Ari: string; Aur: string; Boo: string; Cael: string; Cam: string; Cnc: string; CVn: string; CMa: string; CMi: string; Cap: string; ... 71 more ...; Vul: string; }'.
src/systems/tooltips.ts(824,10): error TS6133: '_formatConstellationTooltip' is declared but its value is never read.
src/ui/components/ModelPreview.ts(2,28): error TS2307: Cannot find module 'three/examples/jsm/loaders/GLTFLoader' or its corresponding type declarations.
src/ui/components/ModelPreview.ts(3,29): error TS2307: Cannot find module 'three/examples/jsm/loaders/DRACOLoader' or its corresponding type declarations.
src/ui/components/ModelPreview.ts(4,31): error TS2307: Cannot find module 'three/examples/jsm/controls/OrbitControls' or its corresponding type declarations.
src/ui/components/ModelPreview.ts(113,8): error TS7006: Parameter 'gltf' implicitly has an 'any' type.
src/ui/components/ModelPreview.ts(120,8): error TS7006: Parameter 'error' implicitly has an 'any' type.
src/ui/gui.ts(99,22): error TS6133: 'preset' is declared but its value is never read.
src/ui/MenuDock.ts(25,11): error TS7006: Parameter 'id' implicitly has an 'any' type.
src/ui/MenuDock.ts(25,15): error TS7006: Parameter 'icon' implicitly has an 'any' type.
src/ui/MenuDock.ts(25,21): error TS7006: Parameter 'label' implicitly has an 'any' type.
src/ui/MenuDock.ts(25,28): error TS7006: Parameter 'onClick' implicitly has an 'any' type.
src/ui/MenuDock.ts(29,29): error TS2345: Argument of type 'HTMLDivElement | undefined' is not assignable to parameter of type 'Node'.
  Type 'undefined' is not assignable to type 'Node'.
src/ui/MenuDock.ts(47,21): error TS7006: Parameter '_activeId' implicitly has an 'any' type.
src/ui/MenuDock.ts(54,13): error TS7006: Parameter 'id' implicitly has an 'any' type.
src/ui/MenuDock.ts(54,17): error TS7006: Parameter 'isActive' implicitly has an 'any' type.
src/ui/modules/find.ts(54,18): error TS18047: 'searchInput' is possibly 'null'.
src/ui/modules/find.ts(55,5): error TS18047: 'resultsDiv' is possibly 'null'.
src/ui/modules/find.ts(56,5): error TS18047: 'resultsDiv' is possibly 'null'.
src/ui/modules/find.ts(57,5): error TS18047: 'resultsDiv' is possibly 'null'.
src/ui/modules/find.ts(61,3): error TS18047: 'searchInput' is possibly 'null'.
src/ui/modules/find.ts(63,5): error TS18047: 'searchInput' is possibly 'null'.
src/ui/modules/find.ts(65,5): error TS18047: 'lookAtBtn' is possibly 'null'.
src/ui/modules/find.ts(65,15): error TS2339: Property 'disabled' does not exist on type 'Element'.
src/ui/modules/find.ts(66,5): error TS18047: 'goToBtn' is possibly 'null'.
src/ui/modules/find.ts(66,13): error TS2339: Property 'disabled' does not exist on type 'Element'.
src/ui/modules/find.ts(203,5): error TS18047: 'searchInput' is possibly 'null'.
src/ui/modules/find.ts(203,17): error TS2339: Property 'value' does not exist on type 'Element'.
src/ui/modules/find.ts(204,5): error TS18047: 'searchInput' is possibly 'null'.
src/ui/modules/find.ts(205,5): error TS18047: 'lookAtBtn' is possibly 'null'.
src/ui/modules/find.ts(205,15): error TS2339: Property 'disabled' does not exist on type 'Element'.
src/ui/modules/find.ts(206,5): error TS18047: 'goToBtn' is possibly 'null'.
src/ui/modules/find.ts(206,13): error TS2339: Property 'disabled' does not exist on type 'Element'.
src/ui/modules/find.ts(209,3): error TS18047: 'lookAtBtn' is possibly 'null'.
src/ui/modules/find.ts(209,13): error TS2339: Property 'onclick' does not exist on type 'Element'.
src/ui/modules/find.ts(221,13): error TS18047: 'target' is possibly 'null'.
src/ui/modules/find.ts(222,11): error TS18047: 'target' is possibly 'null'.
src/ui/modules/find.ts(224,25): error TS18047: 'target' is possibly 'null'.
src/ui/modules/find.ts(248,3): error TS18047: 'goToBtn' is possibly 'null'.
src/ui/modules/find.ts(248,11): error TS2339: Property 'onclick' does not exist on type 'Element'.
src/ui/modules/missions.ts(220,18): error TS2551: Property 'updateMissions' does not exist on type 'Window & typeof globalThis'. Did you mean 'Permissions'?
src/ui/modules/missions.ts(220,41): error TS2551: Property 'updateMissions' does not exist on type 'Window & typeof globalThis'. Did you mean 'Permissions'?
src/ui/modules/missions.ts(246,20): error TS2551: Property 'updateMissions' does not exist on type 'Window & typeof globalThis'. Did you mean 'Permissions'?
src/ui/modules/missions.ts(246,43): error TS2551: Property 'updateMissions' does not exist on type 'Window & typeof globalThis'. Did you mean 'Permissions'?
src/ui/modules/missions.ts(270,47): error TS2339: Property 'SimulationControl' does not exist on type 'Window & typeof globalThis'.
src/ui/modules/missions.ts(310,18): error TS2551: Property 'updateMissions' does not exist on type 'Window & typeof globalThis'. Did you mean 'Permissions'?
src/ui/modules/missions.ts(310,41): error TS2551: Property 'updateMissions' does not exist on type 'Window & typeof globalThis'. Did you mean 'Permissions'?
src/ui/modules/missions.ts(343,7): error TS7034: Variable 'activePreview' implicitly has type 'any' in some locations where its type cannot be determined.
src/ui/modules/missions.ts(349,9): error TS7005: Variable 'activePreview' implicitly has an 'any' type.
src/ui/modules/missions.ts(364,9): error TS7005: Variable 'activePreview' implicitly has an 'any' type.
src/ui/modules/missions.ts(373,11): error TS7005: Variable 'activePreview' implicitly has an 'any' type.
src/ui/modules/missions.ts(416,20): error TS2551: Property 'updateMissions' does not exist on type 'Window & typeof globalThis'. Did you mean 'Permissions'?
src/ui/modules/missions.ts(416,43): error TS2551: Property 'updateMissions' does not exist on type 'Window & typeof globalThis'. Did you mean 'Permissions'?
src/ui/modules/missions.ts(510,13): error TS7005: Variable 'activePreview' implicitly has an 'any' type.
src/ui/modules/missions.ts(553,38): error TS2339: Property 'SimulationControl' does not exist on type 'Window & typeof globalThis'.
src/ui/modules/missions.ts(568,38): error TS2339: Property 'SimulationControl' does not exist on type 'Window & typeof globalThis'.
src/ui/modules/missions.ts(596,7): error TS7034: Variable 'currentMissionId' implicitly has type 'any' in some locations where its type cannot be determined.
src/ui/modules/missions.ts(602,23): error TS7005: Variable 'currentMissionId' implicitly has an 'any' type.
src/ui/modules/sound.ts(44,3): error TS2322: Type 'number' is not assignable to type 'string'.
src/ui/modules/sound.ts(164,9): error TS6133: '_height' is declared but its value is never read.
src/ui/modules/sound.ts(168,9): error TS6133: '_padding' is declared but its value is never read.
src/ui/modules/sound.ts(201,3): error TS18047: 'overlay' is possibly 'null'.
src/ui/modules/sound.ts(302,40): error TS2345: Argument of type 'any' is not assignable to parameter of type 'never'.
src/ui/modules/sound.ts(308,55): error TS2345: Argument of type 'any' is not assignable to parameter of type 'never'.
src/ui/modules/sound.ts(340,41): error TS2345: Argument of type 'string' is not assignable to parameter of type 'never'.
src/ui/modules/sound.ts(341,34): error TS2345: Argument of type 'string' is not assignable to parameter of type 'never'.
src/ui/modules/sound.ts(354,5): error TS2322: Type 'any[]' is not assignable to type 'never[]'.
  Type 'any' is not assignable to type 'never'.
src/ui/modules/sound.ts(371,80): error TS2345: Argument of type 'any' is not assignable to parameter of type 'never'.
src/ui/modules/sound.ts(379,43): error TS2345: Argument of type 'any' is not assignable to parameter of type 'never'.
src/ui/modules/sound.ts(380,36): error TS2345: Argument of type 'any' is not assignable to parameter of type 'never'.
src/ui/modules/starsTab.ts(53,5): error TS2322: Type 'number' is not assignable to type 'string'.
src/ui/modules/starsTab.ts(54,5): error TS2322: Type 'number' is not assignable to type 'string'.
src/ui/modules/starsTab.ts(55,5): error TS2322: Type 'number' is not assignable to type 'string'.
src/ui/modules/starsTab.ts(76,9): error TS2322: Type 'number' is not assignable to type 'string'.
src/ui/modules/system.ts(6,31): error TS7006: Parameter 'gui' implicitly has an 'any' type.
src/ui/modules/system.ts(6,36): error TS7006: Parameter 'renderer' implicitly has an 'any' type.
src/ui/modules/system.ts(21,9): error TS6133: '_vendorInfo' is declared but its value is never read.
src/ui/modules/system.ts(32,28): error TS2339: Property 'deviceMemory' does not exist on type 'Navigator'.
src/ui/modules/system.ts(32,56): error TS2339: Property 'deviceMemory' does not exist on type 'Navigator'.
src/ui/modules/systemTab.ts(105,5): error TS2322: Type 'number' is not assignable to type 'string'.
src/ui/modules/systemTab.ts(106,5): error TS2322: Type 'number' is not assignable to type 'string'.
src/ui/modules/systemTab.ts(107,5): error TS2322: Type 'number' is not assignable to type 'string'.
src/ui/modules/systemTab.ts(128,9): error TS2322: Type 'number' is not assignable to type 'string'.
src/ui/modules/systemTab.ts(295,31): error TS2345: Argument of type 'null' is not assignable to parameter of type 'Scene<Object3DEventMap>'.
src/ui/modules/time.ts(118,5): error TS18047: 'needle' is possibly 'null'.
src/ui/modules/time.ts(118,12): error TS2339: Property 'style' does not exist on type 'Element'.
src/ui/modules/time.ts(120,7): error TS18047: 'digitalDisplay' is possibly 'null'.
src/ui/modules/time.ts(121,7): error TS18047: 'digitalDisplay' is possibly 'null'.
src/ui/modules/time.ts(121,22): error TS2339: Property 'style' does not exist on type 'Element'.
src/ui/modules/time.ts(123,7): error TS18047: 'digitalDisplay' is possibly 'null'.
src/ui/modules/time.ts(124,7): error TS18047: 'digitalDisplay' is possibly 'null'.
src/ui/modules/time.ts(124,22): error TS2339: Property 'style' does not exist on type 'Element'.
src/ui/modules/time.ts(128,24): error TS2339: Property 'dataset' does not exist on type 'Element'.
src/ui/modules/time.ts(159,18): error TS18047: 'interactionZone' is possibly 'null'.
src/ui/modules/time.ts(170,3): error TS18047: 'interactionZone' is possibly 'null'.
src/ui/modules/time.ts(250,17): error TS18047: 'overlay' is possibly 'null'.
src/ui/modules/time.ts(254,35): error TS2362: The left-hand side of an arithmetic operation must be of type 'any', 'number', 'bigint' or an enum type.
src/ui/modules/time.ts(255,11): error TS2339: Property 'value' does not exist on type 'Element'.
src/ui/modules/time.ts(258,3): error TS18047: 'overlay' is possibly 'null'.
src/ui/modules/utils.ts(7,33): error TS7006: Parameter 'controller' implicitly has an 'any' type.
src/ui/modules/utils.ts(7,45): error TS7006: Parameter 'formatFn' implicitly has an 'any' type.
src/ui/modules/utils.ts(18,24): error TS7006: Parameter 'val' implicitly has an 'any' type.
src/ui/modules/visual.ts(78,9): error TS6133: '_objectInfoCtrl' is declared but its value is never read.
src/ui/modules/visual.ts(306,16): error TS7006: Parameter 'val' implicitly has an 'any' type.
src/ui/modules/visual.ts(328,16): error TS7006: Parameter 'val' implicitly has an 'any' type.
src/ui/modules/visual.ts(348,16): error TS7006: Parameter 'val' implicitly has an 'any' type.
src/ui/modules/visual.ts(393,16): error TS7006: Parameter 'val' implicitly has an 'any' type.
src/ui/modules/visual.ts(409,16): error TS7006: Parameter 'val' implicitly has an 'any' type.
src/ui/modules/visual.ts(425,16): error TS7006: Parameter 'val' implicitly has an 'any' type.
src/ui/modules/visual.ts(790,29): error TS18047: 'toggleEl' is possibly 'null'.
src/ui/modules/visual.ts(791,14): error TS18047: 'toggleEl' is possibly 'null'.
src/ui/modules/visual.ts(915,29): error TS18047: 'toggleEl' is possibly 'null'.
src/ui/modules/visual.ts(916,14): error TS18047: 'toggleEl' is possibly 'null'.
src/ui/WindowManager.ts(41,16): error TS7006: Parameter 'id' implicitly has an 'any' type.
src/ui/WindowManager.ts(41,20): error TS7006: Parameter '_title' implicitly has an 'any' type.
src/ui/WindowManager.ts(49,5): error TS2322: Type 'number' is not assignable to type 'string'.
src/ui/WindowManager.ts(52,21): error TS2339: Property 'x' does not exist on type '{}'.
src/ui/WindowManager.ts(53,21): error TS2339: Property 'y' does not exist on type '{}'.
src/ui/WindowManager.ts(60,17): error TS2339: Property 'snap' does not exist on type '{}'.
src/ui/WindowManager.ts(61,19): error TS2339: Property 'snap' does not exist on type '{}'.
src/ui/WindowManager.ts(71,21): error TS2339: Property 'width' does not exist on type '{}'.
src/ui/WindowManager.ts(71,45): error TS2339: Property 'width' does not exist on type '{}'.
src/ui/WindowManager.ts(71,75): error TS2339: Property 'width' does not exist on type '{}'.
src/ui/WindowManager.ts(72,39): error TS2339: Property 'width' does not exist on type '{}'.
src/ui/WindowManager.ts(77,26): error TS2339: Property 'snap' does not exist on type '{}'.
src/ui/WindowManager.ts(82,19): error TS2339: Property 'snap' does not exist on type '{}'.
src/ui/WindowManager.ts(90,21): error TS2339: Property 'height' does not exist on type '{}'.
src/ui/WindowManager.ts(90,46): error TS2339: Property 'height' does not exist on type '{}'.
src/ui/WindowManager.ts(90,77): error TS2339: Property 'height' does not exist on type '{}'.
src/ui/WindowManager.ts(91,40): error TS2339: Property 'height' does not exist on type '{}'.
src/ui/WindowManager.ts(98,26): error TS2339: Property 'snap' does not exist on type '{}'.
src/ui/WindowManager.ts(106,17): error TS2339: Property 'width' does not exist on type '{}'.
src/ui/WindowManager.ts(106,50): error TS2339: Property 'width' does not exist on type '{}'.
src/ui/WindowManager.ts(107,17): error TS2339: Property 'height' does not exist on type '{}'.
src/ui/WindowManager.ts(107,52): error TS2339: Property 'height' does not exist on type '{}'.
src/ui/WindowManager.ts(142,24): error TS2339: Property 'onClose' does not exist on type '{}'.
src/ui/WindowManager.ts(151,13): error TS7006: Parameter 'id' implicitly has an 'any' type.
src/ui/WindowManager.ts(155,16): error TS7006: Parameter 'id' implicitly has an 'any' type.
src/ui/WindowManager.ts(166,14): error TS7006: Parameter 'id' implicitly has an 'any' type.
src/ui/WindowManager.ts(178,14): error TS7006: Parameter 'id' implicitly has an 'any' type.
src/ui/WindowManager.ts(186,16): error TS7006: Parameter 'id' implicitly has an 'any' type.
src/ui/WindowManager.ts(193,22): error TS7006: Parameter 'winObj' implicitly has an 'any' type.
src/ui/WindowManager.ts(196,9): error TS7034: Variable 'startX' implicitly has type 'any' in some locations where its type cannot be determined.
src/ui/WindowManager.ts(196,17): error TS7034: Variable 'startY' implicitly has type 'any' in some locations where its type cannot be determined.
src/ui/WindowManager.ts(197,9): error TS7034: Variable 'initialWinX' implicitly has type 'any' in some locations where its type cannot be determined.
src/ui/WindowManager.ts(197,22): error TS7034: Variable 'initialWinY' implicitly has type 'any' in some locations where its type cannot be determined.
src/ui/WindowManager.ts(199,26): error TS7006: Parameter 'e' implicitly has an 'any' type.
src/ui/WindowManager.ts(225,26): error TS7006: Parameter 'e' implicitly has an 'any' type.
src/ui/WindowManager.ts(227,32): error TS7005: Variable 'startX' implicitly has an 'any' type.
src/ui/WindowManager.ts(228,32): error TS7005: Variable 'startY' implicitly has an 'any' type.
src/ui/WindowManager.ts(230,20): error TS7005: Variable 'initialWinX' implicitly has an 'any' type.
src/ui/WindowManager.ts(231,20): error TS7005: Variable 'initialWinY' implicitly has an 'any' type.
src/ui/WindowManager.ts(284,48): error TS7006: Parameter 'e' implicitly has an 'any' type.
src/ui/WindowManager.ts(297,24): error TS7006: Parameter 'winObj' implicitly has an 'any' type.
vite.config.ts(2,35): error TS7016: Could not find a declaration file for module './vite.plugin.texture-manifest'. 'C:/Users/Bernhard/.gemini/antigravity/scratch/white-rabbit/vite.plugin.texture-manifest.js' implicitly has an 'any' type.
